TAP version 13
# Subtest: cost-only freeze requires unchanged 550-word hero state: missing
not ok 1 - cost-only freeze requires unchanged 550-word hero state: missing
  ---
  duration_ms: 330.197708
  type: 'test'
  location: '/Users/light/Documents/GitHub/zero/missions/website-redesign-3/slices/01-copy-and-story/proof/rethink/privacy-phase.test.mjs:10:3'
  failureType: 'testCodeFailure'
  error: |-
    The input did not match the regular expression /after-b-cost requires EXPECTED_WORDS=550/. Input:
    
    'file:///Users/light/Documents/GitHub/zero/missions/website-redesign-3/slices/01-copy-and-story/proof/rethink/freeze-stable-pages.mjs:13\n' +
      "if (followup && !tightened) throw new Error('Only after-b-tightened or after-b-privacy is an additional freeze phase');\n" +
      '                                  ^\n' +
      '\n' +
      'Error: Only after-b-tightened or after-b-privacy is an additional freeze phase\n' +
      '    at file:///Users/light/Documents/GitHub/zero/missions/website-redesign-3/slices/01-copy-and-story/proof/rethink/freeze-stable-pages.mjs:13:35\n' +
      '    at ModuleJob.run (node:internal/modules/esm/module_job:274:25)\n' +
      '    at async onImport.tracePromise.__proto__ (node:internal/modules/esm/loader:644:26)\n' +
      '    at async asyncRunEntryPointWithESMLoader (node:internal/modules/run_main:117:5)\n' +
      '\n' +
      'Node.js v22.16.0\n'
    
  code: 'ERR_ASSERTION'
  name: 'AssertionError'
  expected:
  actual: |-
    file:///Users/light/Documents/GitHub/zero/missions/website-redesign-3/slices/01-copy-and-story/proof/rethink/freeze-stable-pages.mjs:13
    if (followup && !tightened) throw new Error('Only after-b-tightened or after-b-privacy is an additional freeze phase');
                                      ^
    
    Error: Only after-b-tightened or after-b-privacy is an additional freeze phase
        at file:///Users/light/Documents/GitHub/zero/missions/website-redesign-3/slices/01-copy-and-story/proof/rethink/freeze-stable-pages.mjs:13:35
        at ModuleJob.run (node:internal/modules/esm/module_job:274:25)
        at async onImport.tracePromise.__proto__ (node:internal/modules/esm/loader:644:26)
        at async asyncRunEntryPointWithESMLoader (node:internal/modules/run_main:117:5)
    
    Node.js v22.16.0
    
  operator: 'match'
  stack: |-
    TestContext.<anonymous> (file:///Users/light/Documents/GitHub/zero/missions/website-redesign-3/slices/01-copy-and-story/proof/rethink/privacy-phase.test.mjs:15:12)
    Test.runInAsyncScope (node:async_hooks:214:14)
    Test.run (node:internal/test_runner/test:1047:25)
    Test.start (node:internal/test_runner/test:944:17)
    startSubtestAfterBootstrap (node:internal/test_runner/harness:296:17)
  ...
# Subtest: cost-only freeze requires unchanged 550-word hero state: 549
not ok 2 - cost-only freeze requires unchanged 550-word hero state: 549
  ---
  duration_ms: 645.66
  type: 'test'
  location: '/Users/light/Documents/GitHub/zero/missions/website-redesign-3/slices/01-copy-and-story/proof/rethink/privacy-phase.test.mjs:10:3'
  failureType: 'testCodeFailure'
  error: |-
    The input did not match the regular expression /after-b-cost requires EXPECTED_WORDS=550/. Input:
    
    'file:///Users/light/Documents/GitHub/zero/missions/website-redesign-3/slices/01-copy-and-story/proof/rethink/freeze-stable-pages.mjs:13\n' +
      "if (followup && !tightened) throw new Error('Only after-b-tightened or after-b-privacy is an additional freeze phase');\n" +
      '                                  ^\n' +
      '\n' +
      'Error: Only after-b-tightened or after-b-privacy is an additional freeze phase\n' +
      '    at file:///Users/light/Documents/GitHub/zero/missions/website-redesign-3/slices/01-copy-and-story/proof/rethink/freeze-stable-pages.mjs:13:35\n' +
      '    at ModuleJob.run (node:internal/modules/esm/module_job:274:25)\n' +
      '    at async onImport.tracePromise.__proto__ (node:internal/modules/esm/loader:644:26)\n' +
      '    at async asyncRunEntryPointWithESMLoader (node:internal/modules/run_main:117:5)\n' +
      '\n' +
      'Node.js v22.16.0\n'
    
  code: 'ERR_ASSERTION'
  name: 'AssertionError'
  expected:
  actual: |-
    file:///Users/light/Documents/GitHub/zero/missions/website-redesign-3/slices/01-copy-and-story/proof/rethink/freeze-stable-pages.mjs:13
    if (followup && !tightened) throw new Error('Only after-b-tightened or after-b-privacy is an additional freeze phase');
                                      ^
    
    Error: Only after-b-tightened or after-b-privacy is an additional freeze phase
        at file:///Users/light/Documents/GitHub/zero/missions/website-redesign-3/slices/01-copy-and-story/proof/rethink/freeze-stable-pages.mjs:13:35
        at ModuleJob.run (node:internal/modules/esm/module_job:274:25)
        at async onImport.tracePromise.__proto__ (node:internal/modules/esm/loader:644:26)
        at async asyncRunEntryPointWithESMLoader (node:internal/modules/run_main:117:5)
    
    Node.js v22.16.0
    
  operator: 'match'
  stack: |-
    TestContext.<anonymous> (file:///Users/light/Documents/GitHub/zero/missions/website-redesign-3/slices/01-copy-and-story/proof/rethink/privacy-phase.test.mjs:15:12)
    Test.runInAsyncScope (node:async_hooks:214:14)
    Test.run (node:internal/test_runner/test:1047:25)
    Test.processPendingSubtests (node:internal/test_runner/test:744:18)
    Test.postRun (node:internal/test_runner/test:1173:19)
    Test.run (node:internal/test_runner/test:1101:12)
    async startSubtestAfterBootstrap (node:internal/test_runner/harness:296:3)
  ...
# Subtest: cost-only freeze requires unchanged 550-word hero state: 551
not ok 3 - cost-only freeze requires unchanged 550-word hero state: 551
  ---
  duration_ms: 483.504333
  type: 'test'
  location: '/Users/light/Documents/GitHub/zero/missions/website-redesign-3/slices/01-copy-and-story/proof/rethink/privacy-phase.test.mjs:10:3'
  failureType: 'testCodeFailure'
  error: |-
    The input did not match the regular expression /after-b-cost requires EXPECTED_WORDS=550/. Input:
    
    'file:///Users/light/Documents/GitHub/zero/missions/website-redesign-3/slices/01-copy-and-story/proof/rethink/freeze-stable-pages.mjs:13\n' +
      "if (followup && !tightened) throw new Error('Only after-b-tightened or after-b-privacy is an additional freeze phase');\n" +
      '                                  ^\n' +
      '\n' +
      'Error: Only after-b-tightened or after-b-privacy is an additional freeze phase\n' +
      '    at file:///Users/light/Documents/GitHub/zero/missions/website-redesign-3/slices/01-copy-and-story/proof/rethink/freeze-stable-pages.mjs:13:35\n' +
      '    at ModuleJob.run (node:internal/modules/esm/module_job:274:25)\n' +
      '    at async onImport.tracePromise.__proto__ (node:internal/modules/esm/loader:644:26)\n' +
      '    at async asyncRunEntryPointWithESMLoader (node:internal/modules/run_main:117:5)\n' +
      '\n' +
      'Node.js v22.16.0\n'
    
  code: 'ERR_ASSERTION'
  name: 'AssertionError'
  expected:
  actual: |-
    file:///Users/light/Documents/GitHub/zero/missions/website-redesign-3/slices/01-copy-and-story/proof/rethink/freeze-stable-pages.mjs:13
    if (followup && !tightened) throw new Error('Only after-b-tightened or after-b-privacy is an additional freeze phase');
                                      ^
    
    Error: Only after-b-tightened or after-b-privacy is an additional freeze phase
        at file:///Users/light/Documents/GitHub/zero/missions/website-redesign-3/slices/01-copy-and-story/proof/rethink/freeze-stable-pages.mjs:13:35
        at ModuleJob.run (node:internal/modules/esm/module_job:274:25)
        at async onImport.tracePromise.__proto__ (node:internal/modules/esm/loader:644:26)
        at async asyncRunEntryPointWithESMLoader (node:internal/modules/run_main:117:5)
    
    Node.js v22.16.0
    
  operator: 'match'
  stack: |-
    TestContext.<anonymous> (file:///Users/light/Documents/GitHub/zero/missions/website-redesign-3/slices/01-copy-and-story/proof/rethink/privacy-phase.test.mjs:15:12)
    Test.runInAsyncScope (node:async_hooks:214:14)
    Test.run (node:internal/test_runner/test:1047:25)
    Test.processPendingSubtests (node:internal/test_runner/test:744:18)
    Test.postRun (node:internal/test_runner/test:1173:19)
    Test.run (node:internal/test_runner/test:1101:12)
    async Test.processPendingSubtests (node:internal/test_runner/test:744:7)
  ...
# Subtest: privacy freeze rejects unspecified or invalid exact word expectation: missing
ok 4 - privacy freeze rejects unspecified or invalid exact word expectation: missing
  ---
  duration_ms: 213.111834
  type: 'test'
  ...
# Subtest: privacy freeze rejects unspecified or invalid exact word expectation: 551
ok 5 - privacy freeze rejects unspecified or invalid exact word expectation: 551
  ---
  duration_ms: 159.862625
  type: 'test'
  ...
# Subtest: privacy freeze rejects unspecified or invalid exact word expectation: 548
ok 6 - privacy freeze rejects unspecified or invalid exact word expectation: 548
  ---
  duration_ms: 198.093625
  type: 'test'
  ...
# Subtest: privacy freeze rejects unspecified or invalid exact word expectation: 549oops
ok 7 - privacy freeze rejects unspecified or invalid exact word expectation: 549oops
  ---
  duration_ms: 131.774209
  type: 'test'
  ...
# Subtest: privacy reader accepts the named phase but cannot launch without its immutable inputs
ok 8 - privacy reader accepts the named phase but cannot launch without its immutable inputs
  ---
  duration_ms: 120.084875
  type: 'test'
  ...
1..8
# tests 8
# suites 0
# pass 5
# fail 3
# cancelled 0
# skipped 0
# todo 0
# duration_ms 2543.637875
