TAP version 13
# Subtest: copy writes the exact install command and announces success
ok 1 - copy writes the exact install command and announces success
  ---
  duration_ms: 0.97875
  type: 'test'
  ...
# Subtest: clipboard denial offers manual recovery and allows retry
ok 2 - clipboard denial offers manual recovery and allows retry
  ---
  duration_ms: 0.645875
  type: 'test'
  ...
# Subtest: clipboard is guarded while pending without blurring focusable control
ok 3 - clipboard is guarded while pending without blurring focusable control
  ---
  duration_ms: 0.465334
  type: 'test'
  ...
# Subtest: unavailable clipboard leaves the optional control hidden
ok 4 - unavailable clipboard leaves the optional control hidden
  ---
  duration_ms: 0.5395
  type: 'test'
  ...
# Subtest: homepage follows the approved visitor-first six-section order
ok 5 - homepage follows the approved visitor-first six-section order
  ---
  duration_ms: 0.561041
  type: 'test'
  ...
# Subtest: retired table, FAQ, motion hooks, and dead implementation assets are absent
ok 6 - retired table, FAQ, motion hooks, and dead implementation assets are absent
  ---
  duration_ms: 0.390459
  type: 'test'
  ...
# Subtest: hero panel is a faithful, decorative one-bit redraw of the real Open loops panel
ok 7 - hero panel is a faithful, decorative one-bit redraw of the real Open loops panel
  ---
  duration_ms: 1.411041
  type: 'test'
  ...
# Subtest: unavailable clipboard cannot pass when section script did not load
ok 8 - unavailable clipboard cannot pass when section script did not load
  ---
  duration_ms: 0.295791
  type: 'test'
  ...
# Subtest: any resource failure or runtime error fails a clipboard fault context
ok 9 - any resource failure or runtime error fails a clipboard fault context
  ---
  duration_ms: 0.046542
  type: 'test'
  ...
# Subtest: completed unavailable state keeps the exact command selectable
ok 10 - completed unavailable state keeps the exact command selectable
  ---
  duration_ms: 0.463958
  type: 'test'
  ...
# Subtest: success requires the exact clipboard content, announced success and retained focus
ok 11 - success requires the exact clipboard content, announced success and retained focus
  ---
  duration_ms: 0.068625
  type: 'test'
  ...
# Subtest: denial requires exact selection, announced fallback and retained focus
ok 12 - denial requires exact selection, announced fallback and retained focus
  ---
  duration_ms: 0.039875
  type: 'test'
  ...
# Subtest: selected B count includes all clipboard states and preserves frozen A/B
not ok 13 - selected B count includes all clipboard states and preserves frozen A/B
  ---
  duration_ms: 43.154875
  type: 'test'
  location: '/Users/light/Documents/GitHub/zero/missions/website-redesign-3/slices/01-copy-and-story/proof/rethink/count-section-drafts.test.mjs:10:1'
  failureType: 'testCodeFailure'
  error: |-
    Expected values to be strictly deep-equal:
    + actual - expected
    
      [
        {
          outline: 'B',
          states: 5,
    +     total: 550
    -     total: 549
        }
      ]
    
  code: 'ERR_ASSERTION'
  name: 'AssertionError'
  expected:
    0:
      outline: 'B'
      states: 5
      total: 549
  actual:
    0:
      outline: 'B'
      states: 5
      total: 550
  operator: 'deepStrictEqual'
  stack: |-
    TestContext.<anonymous> (file:///Users/light/Documents/GitHub/zero/missions/website-redesign-3/slices/01-copy-and-story/proof/rethink/count-section-drafts.test.mjs:16:10)
    Test.runInAsyncScope (node:async_hooks:214:14)
    Test.run (node:internal/test_runner/test:1047:25)
    Test.start (node:internal/test_runner/test:944:17)
    startSubtestAfterBootstrap (node:internal/test_runner/harness:296:17)
  ...
# Subtest: missing selected clipboard marker fails
ok 14 - missing selected clipboard marker fails
  ---
  duration_ms: 27.843542
  type: 'test'
  ...
# Subtest: two added selected B words exceed the ceiling
not ok 15 - two added selected B words exceed the ceiling
  ---
  duration_ms: 25.751291
  type: 'test'
  location: '/Users/light/Documents/GitHub/zero/missions/website-redesign-3/slices/01-copy-and-story/proof/rethink/count-section-drafts.test.mjs:24:3'
  failureType: 'testCodeFailure'
  error: |-
    The input did not match the regular expression /B: authored draft outside 350–550: 551/. Input:
    
    'file:///Users/light/Documents/GitHub/zero/missions/website-redesign-3/slices/01-copy-and-story/proof/rethink/count-section-drafts.mjs:30\n' +
      '  if (total > 550 || total < 350) throw new Error(`${outline}: authored draft outside 350–550: ${total}`);\n' +
      '                                        ^\n' +
      '\n' +
      'Error: B: authored draft outside 350–550: 552\n' +
      '    at file:///Users/light/Documents/GitHub/zero/missions/website-redesign-3/slices/01-copy-and-story/proof/rethink/count-section-drafts.mjs:30:41\n' +
      '    at Array.map (<anonymous>)\n' +
      '    at file:///Users/light/Documents/GitHub/zero/missions/website-redesign-3/slices/01-copy-and-story/proof/rethink/count-section-drafts.mjs:23:48\n' +
      '    at ModuleJob.run (node:internal/modules/esm/module_job:274:25)\n' +
      '    at async onImport.tracePromise.__proto__ (node:internal/modules/esm/loader:644:26)\n' +
      '    at async asyncRunEntryPointWithESMLoader (node:internal/modules/run_main:117:5)\n' +
      '\n' +
      'Node.js v22.16.0\n'
    
  code: 'ERR_ASSERTION'
  name: 'AssertionError'
  expected:
  actual: |-
    file:///Users/light/Documents/GitHub/zero/missions/website-redesign-3/slices/01-copy-and-story/proof/rethink/count-section-drafts.mjs:30
      if (total > 550 || total < 350) throw new Error(`${outline}: authored draft outside 350–550: ${total}`);
                                            ^
    
    Error: B: authored draft outside 350–550: 552
        at file:///Users/light/Documents/GitHub/zero/missions/website-redesign-3/slices/01-copy-and-story/proof/rethink/count-section-drafts.mjs:30:41
        at Array.map (<anonymous>)
        at file:///Users/light/Documents/GitHub/zero/missions/website-redesign-3/slices/01-copy-and-story/proof/rethink/count-section-drafts.mjs:23:48
        at ModuleJob.run (node:internal/modules/esm/module_job:274:25)
        at async onImport.tracePromise.__proto__ (node:internal/modules/esm/loader:644:26)
        at async asyncRunEntryPointWithESMLoader (node:internal/modules/run_main:117:5)
    
    Node.js v22.16.0
    
  operator: 'match'
  stack: |-
    TestContext.<anonymous> (file:///Users/light/Documents/GitHub/zero/missions/website-redesign-3/slices/01-copy-and-story/proof/rethink/count-section-drafts.test.mjs:33:12)
    Test.runInAsyncScope (node:async_hooks:214:14)
    Test.run (node:internal/test_runner/test:1047:25)
    Test.processPendingSubtests (node:internal/test_runner/test:744:18)
    Test.postRun (node:internal/test_runner/test:1173:19)
    Test.run (node:internal/test_runner/test:1101:12)
    async Test.processPendingSubtests (node:internal/test_runner/test:744:7)
  ...
# Subtest: authored count CLI includes the complete Rules object and extra app-icon label
ok 16 - authored count CLI includes the complete Rules object and extra app-icon label
  ---
  duration_ms: 28.529417
  type: 'test'
  ...
# Subtest: B policy excerpt is contiguous source text, not an edited middle-bullet omission
ok 17 - B policy excerpt is contiguous source text, not an edited middle-bullet omission
  ---
  duration_ms: 0.279458
  type: 'test'
  ...
# Subtest: extra Rules words fail the total budget
ok 18 - extra Rules words fail the total budget
  ---
  duration_ms: 26.800792
  type: 'test'
  ...
# Subtest: missing Rules text fails rather than being silently uncounted
ok 19 - missing Rules text fails rather than being silently uncounted
  ---
  duration_ms: 27.335417
  type: 'test'
  ...
# Subtest: reader guard after-b-tightened 1 never launches on absent or invalid evidence
ok 20 - reader guard after-b-tightened 1 never launches on absent or invalid evidence
  ---
  duration_ms: 40.749792
  type: 'test'
  ...
# Subtest: reader guard after-b-tightened 4 never launches on absent or invalid evidence
ok 21 - reader guard after-b-tightened 4 never launches on absent or invalid evidence
  ---
  duration_ms: 25.576209
  type: 'test'
  ...
# Subtest: reader guard ../after-b-tightened 1 never launches on absent or invalid evidence
ok 22 - reader guard ../after-b-tightened 1 never launches on absent or invalid evidence
  ---
  duration_ms: 24.794291
  type: 'test'
  ...
# Subtest: public verifier refuses to overwrite retained evidence before opening browser
ok 23 - public verifier refuses to overwrite retained evidence before opening browser
  ---
  duration_ms: 228.26775
  type: 'test'
  ...
# Subtest: public verifier accepts the complete authored package and measured inventory
ok 24 - public verifier accepts the complete authored package and measured inventory
  ---
  duration_ms: 219.299459
  type: 'test'
  ...
# Subtest: cold-reader public output reproduces the committed verbatim record
ok 25 - cold-reader public output reproduces the committed verbatim record
  ---
  duration_ms: 92.65725
  type: 'test'
  ...
# Subtest: large cold-reader reports flush every verbatim answer before successful exit
ok 26 - large cold-reader reports flush every verbatim answer before successful exit
  ---
  duration_ms: 106.845708
  type: 'test'
  ...
# Subtest: over-budget copy fails rather than treating authored count as advisory
ok 27 - over-budget copy fails rather than treating authored count as advisory
  ---
  duration_ms: 121.082041
  type: 'test'
  ...
# Subtest: case-insensitive banned wording fails even outside visible-copy markers
ok 28 - case-insensitive banned wording fails even outside visible-copy markers
  ---
  duration_ms: 85.870958
  type: 'test'
  ...
# Subtest: a final-copy change in the tested excerpt invalidates reader reuse
ok 29 - a final-copy change in the tested excerpt invalidates reader reuse
  ---
  duration_ms: 121.394542
  type: 'test'
  ...
# Subtest: duplicate reader sessions fail despite matching category keywords
ok 30 - duplicate reader sessions fail despite matching category keywords
  ---
  duration_ms: 130.849625
  type: 'test'
  ...
# Subtest: a failed reader call cannot pass from keywords alone
ok 31 - a failed reader call cannot pass from keywords alone
  ---
  duration_ms: 133.506291
  type: 'test'
  ...
# Subtest: missing disclosure evidence fails the whole package check
ok 32 - missing disclosure evidence fails the whole package check
  ---
  duration_ms: 148.777
  type: 'test'
  ...
# Subtest: wrong screenshot dimensions fail even with a valid PNG signature
ok 33 - wrong screenshot dimensions fail even with a valid PNG signature
  ---
  duration_ms: 151.402125
  type: 'test'
  ...
1..33
# tests 33
# suites 0
# pass 31
# fail 2
# cancelled 0
# skipped 0
# todo 0
# duration_ms 1363.299166

--- Command finished with exit code: 1 ---
