TAP version 13
# Subtest: copy writes the exact install command and announces success
ok 1 - copy writes the exact install command and announces success
  ---
  duration_ms: 0.908084
  type: 'test'
  ...
# Subtest: clipboard denial offers manual recovery and allows retry
ok 2 - clipboard denial offers manual recovery and allows retry
  ---
  duration_ms: 0.672417
  type: 'test'
  ...
# Subtest: clipboard is guarded while pending without blurring focusable control
ok 3 - clipboard is guarded while pending without blurring focusable control
  ---
  duration_ms: 0.451333
  type: 'test'
  ...
# Subtest: unavailable clipboard leaves the optional control hidden
ok 4 - unavailable clipboard leaves the optional control hidden
  ---
  duration_ms: 0.546209
  type: 'test'
  ...
# Subtest: homepage follows the approved visitor-first six-section order
ok 5 - homepage follows the approved visitor-first six-section order
  ---
  duration_ms: 0.653875
  type: 'test'
  ...
# Subtest: retired table, FAQ, motion hooks, and dead implementation assets are absent
ok 6 - retired table, FAQ, motion hooks, and dead implementation assets are absent
  ---
  duration_ms: 0.469292
  type: 'test'
  ...
# Subtest: hero panel is a faithful, decorative one-bit redraw of the real Open loops panel
ok 7 - hero panel is a faithful, decorative one-bit redraw of the real Open loops panel
  ---
  duration_ms: 1.163667
  type: 'test'
  ...
# Subtest: unavailable clipboard cannot pass when section script did not load
ok 8 - unavailable clipboard cannot pass when section script did not load
  ---
  duration_ms: 0.336167
  type: 'test'
  ...
# Subtest: any resource failure or runtime error fails a clipboard fault context
ok 9 - any resource failure or runtime error fails a clipboard fault context
  ---
  duration_ms: 0.045333
  type: 'test'
  ...
# Subtest: completed unavailable state keeps the exact command selectable
ok 10 - completed unavailable state keeps the exact command selectable
  ---
  duration_ms: 0.430583
  type: 'test'
  ...
# Subtest: success requires the exact clipboard content, announced success and retained focus
ok 11 - success requires the exact clipboard content, announced success and retained focus
  ---
  duration_ms: 0.095541
  type: 'test'
  ...
# Subtest: denial requires exact selection, announced fallback and retained focus
ok 12 - denial requires exact selection, announced fallback and retained focus
  ---
  duration_ms: 0.052458
  type: 'test'
  ...
# Subtest: selected B count includes all clipboard states and preserves frozen A/B
ok 13 - selected B count includes all clipboard states and preserves frozen A/B
  ---
  duration_ms: 25.971208
  type: 'test'
  ...
# Subtest: frozen Draft4 stays 549 while Draft5 names both recipients in its own paragraph
ok 14 - frozen Draft4 stays 549 while Draft5 names both recipients in its own paragraph
  ---
  duration_ms: 22.864666
  type: 'test'
  ...
# Subtest: missing selected clipboard marker fails
ok 15 - missing selected clipboard marker fails
  ---
  duration_ms: 22.102458
  type: 'test'
  ...
# Subtest: one added selected B word exceeds the ceiling
ok 16 - one added selected B word exceeds the ceiling
  ---
  duration_ms: 22.91625
  type: 'test'
  ...
# Subtest: authored count CLI includes the complete Rules object and extra app-icon label
ok 17 - authored count CLI includes the complete Rules object and extra app-icon label
  ---
  duration_ms: 24.106375
  type: 'test'
  ...
# Subtest: B policy excerpt is contiguous source text, not an edited middle-bullet omission
ok 18 - B policy excerpt is contiguous source text, not an edited middle-bullet omission
  ---
  duration_ms: 0.463042
  type: 'test'
  ...
# Subtest: extra Rules words fail the total budget
ok 19 - extra Rules words fail the total budget
  ---
  duration_ms: 29.177
  type: 'test'
  ...
# Subtest: missing Rules text fails rather than being silently uncounted
ok 20 - missing Rules text fails rather than being silently uncounted
  ---
  duration_ms: 23.887625
  type: 'test'
  ...
# Subtest: reader guard after-b-tightened 1 never launches on absent or invalid evidence
ok 21 - reader guard after-b-tightened 1 never launches on absent or invalid evidence
  ---
  duration_ms: 29.294625
  type: 'test'
  ...
# Subtest: reader guard after-b-tightened 4 never launches on absent or invalid evidence
ok 22 - reader guard after-b-tightened 4 never launches on absent or invalid evidence
  ---
  duration_ms: 22.147542
  type: 'test'
  ...
# Subtest: reader guard ../after-b-tightened 1 never launches on absent or invalid evidence
ok 23 - reader guard ../after-b-tightened 1 never launches on absent or invalid evidence
  ---
  duration_ms: 21.451083
  type: 'test'
  ...
# Subtest: public verifier refuses to overwrite retained evidence before opening browser
ok 24 - public verifier refuses to overwrite retained evidence before opening browser
  ---
  duration_ms: 205.131333
  type: 'test'
  ...
# Subtest: public verifier accepts the complete authored package and measured inventory
ok 25 - public verifier accepts the complete authored package and measured inventory
  ---
  duration_ms: 189.043667
  type: 'test'
  ...
# Subtest: cold-reader public output reproduces the committed verbatim record
ok 26 - cold-reader public output reproduces the committed verbatim record
  ---
  duration_ms: 87.681125
  type: 'test'
  ...
# Subtest: large cold-reader reports flush every verbatim answer before successful exit
ok 27 - large cold-reader reports flush every verbatim answer before successful exit
  ---
  duration_ms: 104.570167
  type: 'test'
  ...
# Subtest: over-budget copy fails rather than treating authored count as advisory
ok 28 - over-budget copy fails rather than treating authored count as advisory
  ---
  duration_ms: 80.283584
  type: 'test'
  ...
# Subtest: case-insensitive banned wording fails even outside visible-copy markers
ok 29 - case-insensitive banned wording fails even outside visible-copy markers
  ---
  duration_ms: 87.1985
  type: 'test'
  ...
# Subtest: a final-copy change in the tested excerpt invalidates reader reuse
ok 30 - a final-copy change in the tested excerpt invalidates reader reuse
  ---
  duration_ms: 118.653375
  type: 'test'
  ...
# Subtest: duplicate reader sessions fail despite matching category keywords
ok 31 - duplicate reader sessions fail despite matching category keywords
  ---
  duration_ms: 112.094666
  type: 'test'
  ...
# Subtest: a failed reader call cannot pass from keywords alone
ok 32 - a failed reader call cannot pass from keywords alone
  ---
  duration_ms: 110.611
  type: 'test'
  ...
# Subtest: missing disclosure evidence fails the whole package check
ok 33 - missing disclosure evidence fails the whole package check
  ---
  duration_ms: 100.390208
  type: 'test'
  ...
# Subtest: wrong screenshot dimensions fail even with a valid PNG signature
ok 34 - wrong screenshot dimensions fail even with a valid PNG signature
  ---
  duration_ms: 112.780417
  type: 'test'
  ...
1..34
# tests 34
# suites 0
# pass 34
# fail 0
# cancelled 0
# skipped 0
# todo 0
# duration_ms 1140.945958
