TAP version 13
# Subtest: privacy freeze rejects unspecified or invalid exact word expectation: missing
not ok 1 - privacy freeze rejects unspecified or invalid exact word expectation: missing
  ---
  duration_ms: 44.2305
  type: 'test'
  location: '/Users/light/Documents/GitHub/zero/missions/website-redesign-3/slices/01-copy-and-story/proof/rethink/privacy-phase.test.mjs:9:3'
  failureType: 'testCodeFailure'
  error: |-
    The input did not match the regular expression /after-b-privacy requires EXPECTED_WORDS=549 or 550/. Input:
    
    'file:///Users/light/Documents/GitHub/zero/missions/website-redesign-3/slices/01-copy-and-story/proof/rethink/freeze-stable-pages.mjs:11\n' +
      "if (process.argv[3] && !tightened) throw new Error('Only after-b-tightened is an additional freeze phase');\n" +
      '                                         ^\n' +
      '\n' +
      'Error: Only after-b-tightened is an additional freeze phase\n' +
      '    at file:///Users/light/Documents/GitHub/zero/missions/website-redesign-3/slices/01-copy-and-story/proof/rethink/freeze-stable-pages.mjs:11:42\n' +
      '    at ModuleJob.run (node:internal/modules/esm/module_job:274:25)\n' +
      '    at async onImport.tracePromise.__proto__ (node:internal/modules/esm/loader:644:26)\n' +
      '    at async asyncRunEntryPointWithESMLoader (node:internal/modules/run_main:117:5)\n' +
      '\n' +
      'Node.js v22.16.0\n'
    
  code: 'ERR_ASSERTION'
  name: 'AssertionError'
  expected:
  actual: |-
    file:///Users/light/Documents/GitHub/zero/missions/website-redesign-3/slices/01-copy-and-story/proof/rethink/freeze-stable-pages.mjs:11
    if (process.argv[3] && !tightened) throw new Error('Only after-b-tightened is an additional freeze phase');
                                             ^
    
    Error: Only after-b-tightened is an additional freeze phase
        at file:///Users/light/Documents/GitHub/zero/missions/website-redesign-3/slices/01-copy-and-story/proof/rethink/freeze-stable-pages.mjs:11:42
        at ModuleJob.run (node:internal/modules/esm/module_job:274:25)
        at async onImport.tracePromise.__proto__ (node:internal/modules/esm/loader:644:26)
        at async asyncRunEntryPointWithESMLoader (node:internal/modules/run_main:117:5)
    
    Node.js v22.16.0
    
  operator: 'match'
  stack: |-
    TestContext.<anonymous> (file:///Users/light/Documents/GitHub/zero/missions/website-redesign-3/slices/01-copy-and-story/proof/rethink/privacy-phase.test.mjs:14:12)
    Test.runInAsyncScope (node:async_hooks:214:14)
    Test.run (node:internal/test_runner/test:1047:25)
    Test.start (node:internal/test_runner/test:944:17)
    startSubtestAfterBootstrap (node:internal/test_runner/harness:296:17)
  ...
# Subtest: privacy freeze rejects unspecified or invalid exact word expectation: 551
not ok 2 - privacy freeze rejects unspecified or invalid exact word expectation: 551
  ---
  duration_ms: 41.463291
  type: 'test'
  location: '/Users/light/Documents/GitHub/zero/missions/website-redesign-3/slices/01-copy-and-story/proof/rethink/privacy-phase.test.mjs:9:3'
  failureType: 'testCodeFailure'
  error: |-
    The input did not match the regular expression /after-b-privacy requires EXPECTED_WORDS=549 or 550/. Input:
    
    'file:///Users/light/Documents/GitHub/zero/missions/website-redesign-3/slices/01-copy-and-story/proof/rethink/freeze-stable-pages.mjs:11\n' +
      "if (process.argv[3] && !tightened) throw new Error('Only after-b-tightened is an additional freeze phase');\n" +
      '                                         ^\n' +
      '\n' +
      'Error: Only after-b-tightened is an additional freeze phase\n' +
      '    at file:///Users/light/Documents/GitHub/zero/missions/website-redesign-3/slices/01-copy-and-story/proof/rethink/freeze-stable-pages.mjs:11:42\n' +
      '    at ModuleJob.run (node:internal/modules/esm/module_job:274:25)\n' +
      '    at async onImport.tracePromise.__proto__ (node:internal/modules/esm/loader:644:26)\n' +
      '    at async asyncRunEntryPointWithESMLoader (node:internal/modules/run_main:117:5)\n' +
      '\n' +
      'Node.js v22.16.0\n'
    
  code: 'ERR_ASSERTION'
  name: 'AssertionError'
  expected:
  actual: |-
    file:///Users/light/Documents/GitHub/zero/missions/website-redesign-3/slices/01-copy-and-story/proof/rethink/freeze-stable-pages.mjs:11
    if (process.argv[3] && !tightened) throw new Error('Only after-b-tightened is an additional freeze phase');
                                             ^
    
    Error: Only after-b-tightened is an additional freeze phase
        at file:///Users/light/Documents/GitHub/zero/missions/website-redesign-3/slices/01-copy-and-story/proof/rethink/freeze-stable-pages.mjs:11:42
        at ModuleJob.run (node:internal/modules/esm/module_job:274:25)
        at async onImport.tracePromise.__proto__ (node:internal/modules/esm/loader:644:26)
        at async asyncRunEntryPointWithESMLoader (node:internal/modules/run_main:117:5)
    
    Node.js v22.16.0
    
  operator: 'match'
  stack: |-
    TestContext.<anonymous> (file:///Users/light/Documents/GitHub/zero/missions/website-redesign-3/slices/01-copy-and-story/proof/rethink/privacy-phase.test.mjs:14:12)
    Test.runInAsyncScope (node:async_hooks:214:14)
    Test.run (node:internal/test_runner/test:1047:25)
    Test.processPendingSubtests (node:internal/test_runner/test:744:18)
    Test.postRun (node:internal/test_runner/test:1173:19)
    Test.run (node:internal/test_runner/test:1101:12)
    async startSubtestAfterBootstrap (node:internal/test_runner/harness:296:3)
  ...
# Subtest: privacy freeze rejects unspecified or invalid exact word expectation: 548
not ok 3 - privacy freeze rejects unspecified or invalid exact word expectation: 548
  ---
  duration_ms: 42.147834
  type: 'test'
  location: '/Users/light/Documents/GitHub/zero/missions/website-redesign-3/slices/01-copy-and-story/proof/rethink/privacy-phase.test.mjs:9:3'
  failureType: 'testCodeFailure'
  error: |-
    The input did not match the regular expression /after-b-privacy requires EXPECTED_WORDS=549 or 550/. Input:
    
    'file:///Users/light/Documents/GitHub/zero/missions/website-redesign-3/slices/01-copy-and-story/proof/rethink/freeze-stable-pages.mjs:11\n' +
      "if (process.argv[3] && !tightened) throw new Error('Only after-b-tightened is an additional freeze phase');\n" +
      '                                         ^\n' +
      '\n' +
      'Error: Only after-b-tightened is an additional freeze phase\n' +
      '    at file:///Users/light/Documents/GitHub/zero/missions/website-redesign-3/slices/01-copy-and-story/proof/rethink/freeze-stable-pages.mjs:11:42\n' +
      '    at ModuleJob.run (node:internal/modules/esm/module_job:274:25)\n' +
      '    at async onImport.tracePromise.__proto__ (node:internal/modules/esm/loader:644:26)\n' +
      '    at async asyncRunEntryPointWithESMLoader (node:internal/modules/run_main:117:5)\n' +
      '\n' +
      'Node.js v22.16.0\n'
    
  code: 'ERR_ASSERTION'
  name: 'AssertionError'
  expected:
  actual: |-
    file:///Users/light/Documents/GitHub/zero/missions/website-redesign-3/slices/01-copy-and-story/proof/rethink/freeze-stable-pages.mjs:11
    if (process.argv[3] && !tightened) throw new Error('Only after-b-tightened is an additional freeze phase');
                                             ^
    
    Error: Only after-b-tightened is an additional freeze phase
        at file:///Users/light/Documents/GitHub/zero/missions/website-redesign-3/slices/01-copy-and-story/proof/rethink/freeze-stable-pages.mjs:11:42
        at ModuleJob.run (node:internal/modules/esm/module_job:274:25)
        at async onImport.tracePromise.__proto__ (node:internal/modules/esm/loader:644:26)
        at async asyncRunEntryPointWithESMLoader (node:internal/modules/run_main:117:5)
    
    Node.js v22.16.0
    
  operator: 'match'
  stack: |-
    TestContext.<anonymous> (file:///Users/light/Documents/GitHub/zero/missions/website-redesign-3/slices/01-copy-and-story/proof/rethink/privacy-phase.test.mjs:14:12)
    Test.runInAsyncScope (node:async_hooks:214:14)
    Test.run (node:internal/test_runner/test:1047:25)
    Test.processPendingSubtests (node:internal/test_runner/test:744:18)
    Test.postRun (node:internal/test_runner/test:1173:19)
    Test.run (node:internal/test_runner/test:1101:12)
    async Test.processPendingSubtests (node:internal/test_runner/test:744:7)
  ...
# Subtest: privacy freeze rejects unspecified or invalid exact word expectation: 549oops
not ok 4 - privacy freeze rejects unspecified or invalid exact word expectation: 549oops
  ---
  duration_ms: 41.161709
  type: 'test'
  location: '/Users/light/Documents/GitHub/zero/missions/website-redesign-3/slices/01-copy-and-story/proof/rethink/privacy-phase.test.mjs:9:3'
  failureType: 'testCodeFailure'
  error: |-
    The input did not match the regular expression /after-b-privacy requires EXPECTED_WORDS=549 or 550/. Input:
    
    'file:///Users/light/Documents/GitHub/zero/missions/website-redesign-3/slices/01-copy-and-story/proof/rethink/freeze-stable-pages.mjs:11\n' +
      "if (process.argv[3] && !tightened) throw new Error('Only after-b-tightened is an additional freeze phase');\n" +
      '                                         ^\n' +
      '\n' +
      'Error: Only after-b-tightened is an additional freeze phase\n' +
      '    at file:///Users/light/Documents/GitHub/zero/missions/website-redesign-3/slices/01-copy-and-story/proof/rethink/freeze-stable-pages.mjs:11:42\n' +
      '    at ModuleJob.run (node:internal/modules/esm/module_job:274:25)\n' +
      '    at async onImport.tracePromise.__proto__ (node:internal/modules/esm/loader:644:26)\n' +
      '    at async asyncRunEntryPointWithESMLoader (node:internal/modules/run_main:117:5)\n' +
      '\n' +
      'Node.js v22.16.0\n'
    
  code: 'ERR_ASSERTION'
  name: 'AssertionError'
  expected:
  actual: |-
    file:///Users/light/Documents/GitHub/zero/missions/website-redesign-3/slices/01-copy-and-story/proof/rethink/freeze-stable-pages.mjs:11
    if (process.argv[3] && !tightened) throw new Error('Only after-b-tightened is an additional freeze phase');
                                             ^
    
    Error: Only after-b-tightened is an additional freeze phase
        at file:///Users/light/Documents/GitHub/zero/missions/website-redesign-3/slices/01-copy-and-story/proof/rethink/freeze-stable-pages.mjs:11:42
        at ModuleJob.run (node:internal/modules/esm/module_job:274:25)
        at async onImport.tracePromise.__proto__ (node:internal/modules/esm/loader:644:26)
        at async asyncRunEntryPointWithESMLoader (node:internal/modules/run_main:117:5)
    
    Node.js v22.16.0
    
  operator: 'match'
  stack: |-
    TestContext.<anonymous> (file:///Users/light/Documents/GitHub/zero/missions/website-redesign-3/slices/01-copy-and-story/proof/rethink/privacy-phase.test.mjs:14:12)
    Test.runInAsyncScope (node:async_hooks:214:14)
    Test.run (node:internal/test_runner/test:1047:25)
    Test.processPendingSubtests (node:internal/test_runner/test:744:18)
    Test.postRun (node:internal/test_runner/test:1173:19)
    Test.run (node:internal/test_runner/test:1101:12)
    async Test.processPendingSubtests (node:internal/test_runner/test:744:7)
  ...
# Subtest: privacy reader accepts the named phase but cannot launch without its immutable inputs
not ok 5 - privacy reader accepts the named phase but cannot launch without its immutable inputs
  ---
  duration_ms: 22.539708
  type: 'test'
  location: '/Users/light/Documents/GitHub/zero/missions/website-redesign-3/slices/01-copy-and-story/proof/rethink/privacy-phase.test.mjs:19:1'
  failureType: 'testCodeFailure'
  error: |-
    The input did not match the regular expression /ENOENT.*after-b-privacy\/reader-images\.json/. Input:
    
    'file:///Users/light/Documents/GitHub/zero/missions/website-redesign-3/slices/01-copy-and-story/proof/rethink/run-matched-reader.mjs:6\n' +
      "if (!['before', 'after-a', 'after-b', 'after-b-tightened'].includes(phase) || !/^[123]$/.test(reader ?? '')) throw new Error('Usage: node run-matched-reader.mjs before|after-a|after-b|after-b-tightened 1|2|3');\n" +
      '                                                                                                                   ^\n' +
      '\n' +
      'Error: Usage: node run-matched-reader.mjs before|after-a|after-b|after-b-tightened 1|2|3\n' +
      '    at file:///Users/light/Documents/GitHub/zero/missions/website-redesign-3/slices/01-copy-and-story/proof/rethink/run-matched-reader.mjs:6:116\n' +
      '    at ModuleJob.run (node:internal/modules/esm/module_job:274:25)\n' +
      '    at async onImport.tracePromise.__proto__ (node:internal/modules/esm/loader:644:26)\n' +
      '    at async asyncRunEntryPointWithESMLoader (node:internal/modules/run_main:117:5)\n' +
      '\n' +
      'Node.js v22.16.0\n'
    
  code: 'ERR_ASSERTION'
  name: 'AssertionError'
  expected:
  actual: |-
    file:///Users/light/Documents/GitHub/zero/missions/website-redesign-3/slices/01-copy-and-story/proof/rethink/run-matched-reader.mjs:6
    if (!['before', 'after-a', 'after-b', 'after-b-tightened'].includes(phase) || !/^[123]$/.test(reader ?? '')) throw new Error('Usage: node run-matched-reader.mjs before|after-a|after-b|after-b-tightened 1|2|3');
                                                                                                                       ^
    
    Error: Usage: node run-matched-reader.mjs before|after-a|after-b|after-b-tightened 1|2|3
        at file:///Users/light/Documents/GitHub/zero/missions/website-redesign-3/slices/01-copy-and-story/proof/rethink/run-matched-reader.mjs:6:116
        at ModuleJob.run (node:internal/modules/esm/module_job:274:25)
        at async onImport.tracePromise.__proto__ (node:internal/modules/esm/loader:644:26)
        at async asyncRunEntryPointWithESMLoader (node:internal/modules/run_main:117:5)
    
    Node.js v22.16.0
    
  operator: 'match'
  stack: |-
    TestContext.<anonymous> (file:///Users/light/Documents/GitHub/zero/missions/website-redesign-3/slices/01-copy-and-story/proof/rethink/privacy-phase.test.mjs:22:10)
    Test.runInAsyncScope (node:async_hooks:214:14)
    Test.run (node:internal/test_runner/test:1047:25)
    Test.processPendingSubtests (node:internal/test_runner/test:744:18)
    Test.postRun (node:internal/test_runner/test:1173:19)
    Test.run (node:internal/test_runner/test:1101:12)
    async Test.processPendingSubtests (node:internal/test_runner/test:744:7)
  ...
1..5
# tests 5
# suites 0
# pass 0
# fail 5
# cancelled 0
# skipped 0
# todo 0
# duration_ms 224.685042
