PASS page-a 320 no horizontal overflow
PASS page-a 320 every text stays inside its section
PASS page-a 320 no clipped text
PASS page-a 320 body text >= 16px :: min 17
PASS page-a 320 prose runs <= 75 characters per line (median, real rendered lines; max <= 82) :: {"median":31,"max":38}
PASS page-a 320 ledger rows leave no empty grid cell
PASS page-a 320 no page errors
PASS page-a 390 no horizontal overflow
PASS page-a 390 every text stays inside its section
PASS page-a 390 no clipped text
PASS page-a 390 body text >= 16px :: min 17
PASS page-a 390 prose runs <= 75 characters per line (median, real rendered lines; max <= 82) :: {"median":38,"max":45}
PASS page-a 390 ledger rows leave no empty grid cell
PASS page-a 390 no page errors
PASS page-a 768 no horizontal overflow
PASS page-a 768 every text stays inside its section
PASS page-a 768 no clipped text
PASS page-a 768 body text >= 16px :: min 17
PASS page-a 768 prose runs <= 75 characters per line (median, real rendered lines; max <= 82) :: {"median":57,"max":72}
PASS page-a 768 ledger rows leave no empty grid cell
PASS page-a 768 no page errors
PASS page-a 1440 no horizontal overflow
PASS page-a 1440 every text stays inside its section
PASS page-a 1440 no clipped text
PASS page-a 1440 body text >= 16px :: min 17
PASS page-a 1440 prose runs <= 75 characters per line (median, real rendered lines; max <= 82) :: {"median":53,"max":66}
PASS page-a 1440 ledger rows leave no empty grid cell
PASS page-a no root-relative links (they 404 off the live site)
PASS page-a 1440 no page errors
PASS page-a rendered section words == copywriter's counted blocks (Draft3 COPY-A + shared, 370 words)
PASS page-a hero text == approved hero B
PASS page-a 1920 no horizontal overflow
PASS page-a 1920 every text stays inside its section
PASS page-a 1920 no clipped text
PASS page-a 1920 body text >= 16px :: min 18
PASS page-a 1920 prose runs <= 75 characters per line (median, real rendered lines; max <= 82) :: {"median":63,"max":70}
PASS page-a 1920 ledger rows leave no empty grid cell
PASS page-a 1920 no page errors
PASS page-a 2560 no horizontal overflow
PASS page-a 2560 every text stays inside its section
PASS page-a 2560 no clipped text
PASS page-a 2560 body text >= 16px :: min 18
PASS page-a 2560 prose runs <= 75 characters per line (median, real rendered lines; max <= 82) :: {"median":67,"max":72}
PASS page-a 2560 ledger rows leave no empty grid cell
PASS page-a 2560 no page errors
PASS page-a ?static is the complete final frame :: {"lt":0,"stepping":0,"undoRows":5,"balloon":true,"ledgerRows":5,"info":true,"rulesLines":0,"rulesTab":null,"cmd":"curl -fsSL https://zero.headless.com/install | bash","zr":0}
PASS page-a 390 no-JS == final frame
PASS page-a 390 no-JS shows no Copy button (it can't work without JS)
PASS page-a 390 reduced-motion == final frame
PASS page-a 390 reduced-motion: every story static, nothing played :: static,static,static,static
PASS page-a 390 scrolling: every beat played to done :: {"page.page-a":"done","undo-win":"done","install":"done","term":"done"}
PASS page-a 390 section beats were armed before playing (not snapped from final) :: undo-win,install,term
PASS page-a 390 after playback == final frame
PASS page-a 390 playback without page errors
PASS page-a 390 section beats cause no layout shift :: sections 0.0004 [{"v":0.00018816085984488763,"t":9216,"src":"command"},{"v":0.00018816085984488763,"t":9488,"src":"command"}]
INFO page-a 390 total CLS incl. hero 0.0287 [["0.0031","drop+drop+drop"],["0.0042","drop+drop+drop+drop"],["0.0057","drop+drop+drop+drop+drop"],["0.0064","drop+drop+drop+drop+drop"],["0.0048","drop+drop+drop+drop+drop"],["0.0019","drop+drop+drop+drop+drop"],["0.0022","hero"],["0.0002","command"],["0.0002","command"]]
PASS page-a 1440 no-JS == final frame
PASS page-a 1440 no-JS shows no Copy button (it can't work without JS)
PASS page-a 1440 reduced-motion == final frame
PASS page-a 1440 reduced-motion: every story static, nothing played :: static,static,static,static
PASS page-a 1440 scrolling: every beat played to done :: {"page.page-a":"done","undo-win":"done","install":"done","term":"done"}
PASS page-a 1440 section beats were armed before playing (not snapped from final) :: page-a,undo-win,install,term
PASS page-a 1440 after playback == final frame
PASS page-a 1440 playback without page errors
PASS page-a 1440 section beats cause no layout shift :: sections 0.0001 [{"v":0.00006950244877400549,"t":7660,"src":"command"}]
INFO page-a 1440 total CLS incl. hero 0.0357 [["0.0088","drop+drop+drop+drop+drop"],["0.0057","drop+drop+drop+drop+drop"],["0.0033","drop+drop+drop+drop+drop"],["0.0020","drop+drop+drop+drop+drop"],["0.0010","drop+drop+drop+drop+drop"],["0.0004","drop+drop+drop+drop+drop"],["0.0145","hero+hero+hero"],["0.0001","command"]]
PASS page-a Install CTA lands on the ledger, which stays readable :: {"mode":"seen","rows":5,"top":0}
PASS page-a direct load on #install: the ledger is readable at once and never rewinds :: {"mode":"seen","rows":5}
PASS page-a Reduce Motion turned on mid-visit settles every beat on its final frame :: ledger was seen; {"rows":5,"lt":0,"modes":["seen"]}
PASS page-a keyboard order = document order, 16 stops incl. Copy command, none in illustrations :: {"zm":true,"term":"static","copyShown":true,"dropped":[]} zero > How it works > Undo > Before you install > Source > Install > Install zero for Mac > Read the installer first > Privacy policy > TypeSafe pricing > Jev key > GitHub Releases > Copy command > Source > Privacy > Terms
PASS page-a Copy command has a visible focus ring (reached by Tab) :: {"ring":{"style":"solid 3px","focusVisible":true},"zm":true,"term":"static","copyShown":true,"dropped":[]}
PASS page-a Copy granted: visible, polite live status, focus stays on the button :: {"text":"Copied","live":"polite","role":"status","visible":true,"focus":"copy","selected":"","copied":"curl -fsSL https://zero.headless.com/install | bash","dropped":[]}
PASS page-a Copy denied: visible, polite live status, command selected, focus stays on the button :: {"text":"Copy manually: press Command-C.","live":"polite","role":"status","visible":true,"focus":"copy","selected":"curl -fsSL https://zero.headless.com/install | bash","copied":null,"dropped":[]}
PASS page-a Copy: no clipboard API hides the button and leaves the command selectable (scripts loaded) :: ran=true dropped=0 shown=false user-select=auto
PASS page-b 320 no horizontal overflow
PASS page-b 320 every text stays inside its section
PASS page-b 320 no clipped text
PASS page-b 320 body text >= 16px :: min 17
PASS page-b 320 prose runs <= 75 characters per line (median, real rendered lines; max <= 82) :: {"median":28,"max":38}
PASS page-b 320 ledger rows leave no empty grid cell
PASS page-b 320 no page errors
PASS page-b 390 no horizontal overflow
PASS page-b 390 every text stays inside its section
PASS page-b 390 no clipped text
PASS page-b 390 body text >= 16px :: min 17
PASS page-b 390 prose runs <= 75 characters per line (median, real rendered lines; max <= 82) :: {"median":36,"max":44}
PASS page-b 390 ledger rows leave no empty grid cell
PASS page-b 390 no page errors
PASS page-b 768 no horizontal overflow
PASS page-b 768 every text stays inside its section
PASS page-b 768 no clipped text
PASS page-b 768 body text >= 16px :: min 17
PASS page-b 768 prose runs <= 75 characters per line (median, real rendered lines; max <= 82) :: {"median":54,"max":71}
PASS page-b 768 ledger rows leave no empty grid cell
PASS page-b 768 no page errors
PASS page-b 1440 no horizontal overflow
PASS page-b 1440 every text stays inside its section
PASS page-b 1440 no clipped text
PASS page-b 1440 body text >= 16px :: min 17
PASS page-b 1440 prose runs <= 75 characters per line (median, real rendered lines; max <= 82) :: {"median":51,"max":67}
PASS page-b 1440 ledger rows leave no empty grid cell
PASS page-b no root-relative links (they 404 off the live site)
PASS page-b 1440 no page errors
PASS page-b rendered section words == copywriter's counted blocks (DRAFT4 COPY-B + shared, 440 words)
PASS page-b hero text == approved hero B
PASS page-b ledger: the two outgoing-data rows lead as one pair, cost next, recipients named in real text on their own line :: {"order":["Sorting data.","Optional drafts.","Sorting cost.","Google sign-in.","Installer."],"out":["Sorting data.","Optional drafts."],"sameBand":true,"leads":[{"t":"Sent to TypeSafe (Jev):","block":true,"ownLine":true},{"t":"No zero server receives your email.","block":true,"ownLine":true},{"t":"Sent to your coding tool’s provider:","block":true,"ownLine":true}]}
PASS page-b 1920 no horizontal overflow
PASS page-b 1920 every text stays inside its section
PASS page-b 1920 no clipped text
PASS page-b 1920 body text >= 16px :: min 18
PASS page-b 1920 prose runs <= 75 characters per line (median, real rendered lines; max <= 82) :: {"median":64,"max":69}
PASS page-b 1920 ledger rows leave no empty grid cell
PASS page-b 1920 no page errors
PASS page-b 2560 no horizontal overflow
PASS page-b 2560 every text stays inside its section
PASS page-b 2560 no clipped text
PASS page-b 2560 body text >= 16px :: min 18
PASS page-b 2560 prose runs <= 75 characters per line (median, real rendered lines; max <= 82) :: {"median":66,"max":71}
PASS page-b 2560 ledger rows leave no empty grid cell
PASS page-b 2560 no page errors
PASS page-b ?static is the complete final frame :: {"lt":0,"stepping":0,"undoRows":5,"balloon":true,"ledgerRows":5,"info":true,"rulesLines":13,"rulesTab":"Settings","cmd":"curl -fsSL https://zero.headless.com/install | bash","zr":0}
PASS page-b 390 no-JS == final frame
PASS page-b 390 no-JS shows no Copy button (it can't work without JS)
PASS page-b 390 reduced-motion == final frame
PASS page-b 390 reduced-motion: every story static, nothing played :: static,static,static,static,static
PASS page-b 390 scrolling: every beat played to done :: {"page.page-b":"done","install":"done","rules-win":"done","undo-win":"done","term":"done"}
PASS page-b 390 section beats were armed before playing (not snapped from final) :: install,rules-win,undo-win,term
PASS page-b 390 after playback == final frame
PASS page-b 390 playback without page errors
PASS page-b 390 section beats cause no layout shift :: sections 0.0004 [{"v":0.00018816085984488763,"t":10545,"src":"command"},{"v":0.00018816085984488763,"t":10831,"src":"command"}]
INFO page-b 390 total CLS incl. hero 0.0287 [["0.0031","drop+drop+drop"],["0.0042","drop+drop+drop+drop"],["0.0057","drop+drop+drop+drop+drop"],["0.0064","drop+drop+drop+drop+drop"],["0.0048","drop+drop+drop+drop+drop"],["0.0019","drop+drop+drop+drop+drop"],["0.0022","hero"],["0.0002","command"],["0.0002","command"]]
PASS page-b 1440 no-JS == final frame
PASS page-b 1440 no-JS shows no Copy button (it can't work without JS)
PASS page-b 1440 reduced-motion == final frame
PASS page-b 1440 reduced-motion: every story static, nothing played :: static,static,static,static,static
PASS page-b 1440 scrolling: every beat played to done :: {"page.page-b":"done","install":"done","rules-win":"done","undo-win":"done","term":"done"}
PASS page-b 1440 section beats were armed before playing (not snapped from final) :: page-b,install,rules-win,undo-win,term
PASS page-b 1440 after playback == final frame
PASS page-b 1440 playback without page errors
PASS page-b 1440 section beats cause no layout shift :: sections 0.0001 [{"v":0.00006950244877400549,"t":8731,"src":"command"}]
INFO page-b 1440 total CLS incl. hero 0.0357 [["0.0088","drop+drop+drop+drop+drop"],["0.0057","drop+drop+drop+drop+drop"],["0.0033","drop+drop+drop+drop+drop"],["0.0020","drop+drop+drop+drop+drop"],["0.0010","drop+drop+drop+drop+drop"],["0.0004","drop+drop+drop+drop+drop"],["0.0145","hero+hero+hero"],["0.0001","command"]]
PASS page-b Install CTA lands on the ledger, which stays readable :: {"mode":"seen","rows":5,"top":0}
PASS page-b direct load on #install: the ledger is readable at once and never rewinds :: {"mode":"seen","rows":5}
PASS page-b Reduce Motion turned on mid-visit settles every beat on its final frame :: ledger was play; {"rows":5,"lt":0,"modes":["static"]}
PASS page-b keyboard order = document order, 16 stops incl. Copy command, none in illustrations :: {"zm":true,"term":"static","copyShown":true,"dropped":[]} zero > How it works > Undo > Before you install > Source > Install > Install zero for Mac > Read the installer first > Privacy policy > Current pricing > Jev key > GitHub Releases > Copy command > Source > Privacy > Terms
PASS page-b Copy command has a visible focus ring (reached by Tab) :: {"ring":{"style":"solid 3px","focusVisible":true},"zm":true,"term":"static","copyShown":true,"dropped":[]}
PASS page-b Rules policy text is exposed to assistive tech
PASS page-b Copy granted: visible, polite live status, focus stays on the button :: {"text":"Copied","live":"polite","role":"status","visible":true,"focus":"copy","selected":"","copied":"curl -fsSL https://zero.headless.com/install | bash","dropped":[]}
PASS page-b Copy denied: visible, polite live status, command selected, focus stays on the button :: {"text":"Copy manually: press Command-C.","live":"polite","role":"status","visible":true,"focus":"copy","selected":"curl -fsSL https://zero.headless.com/install | bash","copied":null,"dropped":[]}
PASS page-b Copy: no clipboard API hides the button and leaves the command selectable (scripts loaded) :: ran=true dropped=0 shown=false user-select=auto

146 PASS, 0 FAIL (chromium)
